apiVersion: config.kubernetes.io/v1
kind: ResourceList
items:
- apiVersion: infra.nephio.org/v1alpha1
  kind: ClusterContext
  metadata:
    name: cluster-context
    annotations:
      config.kubernetes.io/local-config: "true"
  spec:
    cniConfig:
      cniType: ipvlan
      masterInterface: eth1
    siteCode: edge1
- apiVersion: ipam.alloc.nephio.org/v1alpha1
  kind: IPAllocation
  metadata:
    name: n3
    annotations:
      specializer.nephio.org/owner: req.nephio.org/v1alpha1.Interface.n3
  spec:
    kind: network
    selector:
      matchLabels:
        nephio.org/site: edge1
    networkInstance:
      name: vpc-ran
  status:
    prefix: 13.0.0.2/24
    gateway: 13.0.0.1
- apiVersion: ipam.alloc.nephio.org/v1alpha1
  kind: IPAllocation
  metadata:
    name: n4
    annotations:
      specializer.nephio.org/owner: req.nephio.org/v1alpha1.Interface.n4
  spec:
    kind: network
    selector:
      matchLabels:
        nephio.org/site: edge1
    networkInstance:
      name: vpc-internal
  status: {}
- apiVersion: ipam.alloc.nephio.org/v1alpha1
  kind: IPAllocation
  metadata:
    name: n6
    annotations:
      specializer.nephio.org/owner: req.nephio.org/v1alpha1.Interface.n6
  spec:
    kind: network
    selector:
      matchLabels:
        nephio.org/site: edge1
    networkInstance:
      name: vpc-internet
  status: {}
- apiVersion: k8s.cni.cncf.io/v1
  kind: NetworkAttachmentDefinition
  metadata:
    name: n3
    annotations:
      specializer.nephio.org/owner: req.nephio.org/v1alpha1.Interface.n3
  spec:
    config: '{"cniVersion":"0.3.1","vlan":100,"plugins":[{"type":"ipvlan","capabilities":{"ips":true},"master":"eth1","mode":"l2","ipam":{"type":"static","addresses":[{"address":"13.0.0.2/24","gateway":"13.0.0.1"}]}}]}'
- apiVersion: kpt.dev/v1
  info:
    description: upf package example
  kind: Kptfile
  metadata:
    annotations:
      config.kubernetes.io/local-config: "true"
    name: pkg-upf
  pipeline: {}
  status:
    conditions:
    - message: create resource
      reason: req.nephio.org/v1alpha1.Interface.n3
      status: "True"
      type: ipam.alloc.nephio.org/v1alpha1.IPAllocation.n3
    - message: create resource
      reason: req.nephio.org/v1alpha1.Interface.n4
      status: "False"
      type: ipam.alloc.nephio.org/v1alpha1.IPAllocation.n4
    - message: create resource
      reason: req.nephio.org/v1alpha1.Interface.n6
      status: "False"
      type: ipam.alloc.nephio.org/v1alpha1.IPAllocation.n6
    - message: update done
      reason: req.nephio.org/v1alpha1.Interface.n3
      status: "True"
      type: k8s.cni.cncf.io/v1.NetworkAttachmentDefinition.n3
    - message: update done
      reason: req.nephio.org/v1alpha1.Interface.n4
      status: "False"
      type: k8s.cni.cncf.io/v1.NetworkAttachmentDefinition.n4
    - message: update done
      reason: req.nephio.org/v1alpha1.Interface.n6
      status: "False"
      type: k8s.cni.cncf.io/v1.NetworkAttachmentDefinition.n6
    - message: update for condition
      status: "False"
      type: req.nephio.org/v1alpha1.Interface.n3
    - message: update for condition
      status: "False"
      type: req.nephio.org/v1alpha1.Interface.n4
    - message: update for condition
      status: "False"
      type: req.nephio.org/v1alpha1.Interface.n6
    - message: create resource
      reason: req.nephio.org/v1alpha1.Interface.n3
      status: "True"
      type: vlan.alloc.nephio.org/v1alpha1.VLANAllocation.n3
    - message: create resource
      reason: req.nephio.org/v1alpha1.Interface.n4
      status: "True"
      type: vlan.alloc.nephio.org/v1alpha1.VLANAllocation.n4
    - message: create resource
      reason: req.nephio.org/v1alpha1.Interface.n6
      status: "True"
      type: vlan.alloc.nephio.org/v1alpha1.VLANAllocation.n6
- apiVersion: req.nephio.org/v1alpha1
  kind: Interface
  metadata:
    name: n3
    annotations:
      config.kubernetes.io/local-config: "true"
  spec:
    networkInstance:
      name: vpc-ran
    cniType: ipvlan
    attachementType: vlan
  status:
- apiVersion: req.nephio.org/v1alpha1
  kind: Interface
  metadata:
    name: n4
    annotations:
      config.kubernetes.io/local-config: "true"
  spec:
    networkInstance:
      name: vpc-internal
    cniType: ipvlan
    attachementType: vlan
  status:
- apiVersion: req.nephio.org/v1alpha1
  kind: Interface
  metadata:
    name: n6
    annotations:
      config.kubernetes.io/local-config: "true"
  spec:
    networkInstance:
      name: vpc-internet
    cniType: ipvlan
    attachementType: vlan
  status:
- apiVersion: vlan.alloc.nephio.org/v1alpha1
  kind: VLANAllocation
  metadata:
    annotations:
      specializer.nephio.org/owner: req.nephio.org/v1alpha1.Interface.n3
    name: n3
  spec:
    selector:
      matchLabels:
        nephio.org/site: edge1
  status:
    vlanID: 100
- apiVersion: vlan.alloc.nephio.org/v1alpha1
  kind: VLANAllocation
  metadata:
    annotations:
      specializer.nephio.org/owner: req.nephio.org/v1alpha1.Interface.n4
    name: n4
  spec:
    selector:
      matchLabels:
        nephio.org/site: edge1
  status:
    vlanID: 200
- apiVersion: vlan.alloc.nephio.org/v1alpha1
  kind: VLANAllocation
  metadata:
    annotations:
      specializer.nephio.org/owner: req.nephio.org/v1alpha1.Interface.n6
    name: n6
  spec:
    selector:
      matchLabels:
        nephio.org/site: edge1
  status:
    vlanID: 300
