apiVersion: config.kubernetes.io/v1
kind: ResourceList
items:
- apiVersion: infra.nephio.org/v1alpha1
  kind: WorkloadCluster
  metadata:
    name: cluster01
    annotations:
      config.kubernetes.io/local-config: "true"
  spec:
    clusterName: cluster01
    cnis:
    - macvlan
    - ipvlan
    - sriov
    masterInterface: eth1
- apiVersion: kpt.dev/v1
  kind: Kptfile
  metadata:
    name: pkg-amf
    annotations:
      config.kubernetes.io/local-config: "true"
  info:
    description: amf package example
    readinessGates:
    - conditionType: nephio.org.Specializer.specialize
  pipeline: {}
  status:
    conditions:
    - message: update condition for initial resource
      reason: workload.nephio.org/v1alpha1.AMFDeployment.amf-cluster01
      status: "True"
      type: req.nephio.org/v1alpha1.Capacity.controlplane
    - message: update condition for initial resource
      reason: workload.nephio.org/v1alpha1.AMFDeployment.amf-cluster01
      status: "True"
      type: req.nephio.org/v1alpha1.DataNetwork.internet
    - message: update condition for initial resource
      reason: workload.nephio.org/v1alpha1.AMFDeployment.amf-cluster01
      status: "True"
      type: req.nephio.org/v1alpha1.Interface.n1
    - message: update condition for initial resource
      reason: workload.nephio.org/v1alpha1.AMFDeployment.amf-cluster01
      status: "True"
      type: req.nephio.org/v1alpha1.Interface.sbi
    - message: update done
      status: "True"
      type: workload.nephio.org/v1alpha1.AMFDeployment.amf-cluster01
    - reason: Ready
      status: "True"
      type: nephio.org.Specializer.specialize
- apiVersion: req.nephio.org/v1alpha1
  kind: Capacity
  metadata:
    name: controlplane
    annotations:
      config.kubernetes.io/local-config: "true"
      specializer.nephio.org/owner: workload.nephio.org/v1alpha1.AMFDeployment.amf-cluster01
  spec:
    maxSubscribers: 10000
- apiVersion: req.nephio.org/v1alpha1
  kind: DataNetwork
  metadata:
    name: internet
    annotations:
      config.kubernetes.io/local-config: "true"
      prefix: 10.0.0.0/8
      specializer.nephio.org/owner: workload.nephio.org/v1alpha1.AMFDeployment.amf-cluster01
  spec:
- apiVersion: req.nephio.org/v1alpha1
  kind: Interface
  metadata:
    name: n1 # also used as pfcp
    annotations:
      config.kubernetes.io/local-config: "true"
      specializer.nephio.org/owner: workload.nephio.org/v1alpha1.AMFDeployment.amf-cluster01
  spec:
    networkInstance:
      name: vpc-internal
    cniType: sriov
    attachmentType: vlan
- apiVersion: req.nephio.org/v1alpha1
  kind: Interface
  metadata:
    name: sbi
    annotations:
      config.kubernetes.io/local-config: "true"
      specializer.nephio.org/owner: workload.nephio.org/v1alpha1.AMFDeployment.amf-cluster01
  spec:
    networkInstance:
      name: vpc-sba
    cniType: ipvlan
    attachmentType: vlan
- apiVersion: workload.nephio.org/v1alpha1
  kind: AMFDeployment
  metadata:
    name: amf-cluster01
  spec:
    capacity:
      maxDownlinkThroughput: "0"
      maxSubscribers: 10000
      maxUplinkThroughput: "0"
