apiVersion: ipam.resource.nephio.org/v1alpha1
kind: IPClaim
metadata:
  name: n6-ipv4
  annotations:
    specializer.nephio.org/owner: req.nephio.org/v1alpha1.Interface.n6
spec:
  kind: network
  selector:
    matchLabels:
      nephio.org/cluster-name: cluster01
  networkInstance:
    name: vpc-internet
status:
  prefix: 172.0.0.254/24
  gateway: 172.0.0.1
