apiVersion: ipam.resource.nephio.org/v1alpha1
kind: IPClaim
metadata:
  name: n4-ipv4
  annotations:
    specializer.nephio.org/owner: req.nephio.org/v1alpha1.Interface.n4
spec:
  kind: network
  selector:
    matchLabels:
      nephio.org/cluster-name: cluster01
  networkInstance:
    name: vpc-internal
status:
  prefix: 172.1.0.254/24
  gateway: 172.1.0.1
