apiVersion: config.kubernetes.io/v1
kind: ResourceList
items:
- apiVersion: infra.nephio.org/v1alpha1
  kind: WorkloadCluster
  metadata:
    name: cluster01
    annotations:
      config.kubernetes.io/local-config: "true"
  spec:
    clusterName: cluster01
    cnis:
    - macvlan
    - ipvlan
    - sriov
    masterInterface: eth1
- apiVersion: kpt.dev/v1
  kind: Kptfile
  # comment A
  metadata:
    name: pkg-upf
    #commentB
    annotations:
      config.kubernetes.io/local-config: "true"
  info:
    description: upf package example
  pipeline: {}
  status:
    conditions:
    - message: update for condition
      status: "False"
      type: req.nephio.org/v1alpha1.Interface.n4
    - message: expected one of IPClaim or VLANClaim objects to generate the nad
      reason: req.nephio.org/v1alpha1.Interface.n4
      status: "False"
      type: k8s.cni.cncf.io/v1.NetworkAttachmentDefinition.n4
    - message: update for condition
      status: "False"
      type: req.nephio.org/v1alpha1.Interface.n6
    - message: expected one of IPClaim or VLANClaim objects to generate the nad
      reason: req.nephio.org/v1alpha1.Interface.n6
      status: "False"
      type: k8s.cni.cncf.io/v1.NetworkAttachmentDefinition.n6
    - message: update for condition
      status: "False"
      type: req.nephio.org/v1alpha1.Interface.n3
    - message: expected one of IPClaim or VLANClaim objects to generate the nad
      reason: req.nephio.org/v1alpha1.Interface.n3
      status: "False"
      type: k8s.cni.cncf.io/v1.NetworkAttachmentDefinition.n3
- apiVersion: req.nephio.org/v1alpha1
  kind: Interface
  metadata:
    name: n3
    annotations:
      config.kubernetes.io/local-config: "true"
  spec:
    networkInstance:
      name: vpc-ran
    cniType: sriov
    attachmentType: vlan
  status:
- apiVersion: req.nephio.org/v1alpha1
  kind: Interface
  metadata:
    name: n4
    annotations:
      config.kubernetes.io/local-config: "true"
  spec:
    networkInstance:
      name: vpc-internal
    cniType: sriov
    attachmentType: vlan
  status:
- apiVersion: req.nephio.org/v1alpha1
  kind: Interface
  metadata:
    name: n6
    annotations:
      config.kubernetes.io/local-config: "true"
  spec:
    networkInstance:
      name: vpc-internet
    cniType: sriov
    attachmentType: vlan
  status:
- apiVersion: workload.nephio.org/v1alpha1
  kind: UPFDeployment
  metadata: # kpt-merge: upf-example/upf-example
    name: upf-edge01
    namespace: pkg-example-upf-bp
    annotations:
      internal.kpt.dev/upstream-identifier: 'workload.nephio.org|UPFDeployment|upf-example|upf-example'
