apiVersion: config.kubernetes.io/v1
kind: ResourceList
items:
- apiVersion: infra.nephio.org/v1alpha1
  kind: ClusterContext
  metadata:
    name: cluster-context
    annotations:
      config.kubernetes.io/local-config: "true"
  spec:
    cniConfig:
      cniType: sriov
      masterInterface: eth1
    siteCode: edge1
- apiVersion: k8s.cni.cncf.io/v1
  kind: NetworkAttachmentDefinition
  metadata:
    name: n3
    annotations:
      specializer.nephio.org/owner: req.nephio.org/v1alpha1.Interface.n3
  spec:
    config: '{"cniVersion":"0.3.1","vlan":100}'
- apiVersion: k8s.cni.cncf.io/v1
  kind: NetworkAttachmentDefinition
  metadata:
    name: n4
    annotations:
      specializer.nephio.org/owner: req.nephio.org/v1alpha1.Interface.n4
  spec:
    config: '{"cniVersion":"0.3.1","vlan":200}'
- apiVersion: k8s.cni.cncf.io/v1
  kind: NetworkAttachmentDefinition
  metadata:
    name: n6
    annotations:
      specializer.nephio.org/owner: req.nephio.org/v1alpha1.Interface.n6
  spec:
    config: '{"cniVersion":"0.3.1","vlan":300}'
- apiVersion: kpt.dev/v1
  info:
    description: upf package example
  kind: Kptfile
  metadata:
    annotations:
      config.kubernetes.io/local-config: "true"
    name: pkg-upf
  pipeline: {}
  status:
    conditions:
    - message: update done
      reason: req.nephio.org/v1alpha1.Interface.n3
      status: "True"
      type: k8s.cni.cncf.io/v1.NetworkAttachmentDefinition.n3
    - message: update done
      reason: req.nephio.org/v1alpha1.Interface.n4
      status: "True"
      type: k8s.cni.cncf.io/v1.NetworkAttachmentDefinition.n4
    - message: update done
      reason: req.nephio.org/v1alpha1.Interface.n6
      status: "True"
      type: k8s.cni.cncf.io/v1.NetworkAttachmentDefinition.n6
    - message: update for condition
      status: "False"
      type: req.nephio.org/v1alpha1.Interface.n3
    - message: update for condition
      status: "False"
      type: req.nephio.org/v1alpha1.Interface.n4
    - message: update for condition
      status: "False"
      type: req.nephio.org/v1alpha1.Interface.n6
    - message: create resource
      reason: req.nephio.org/v1alpha1.Interface.n3
      status: "True"
      type: vlan.alloc.nephio.org/v1alpha1.VLANAllocation.n3
    - message: create resource
      reason: req.nephio.org/v1alpha1.Interface.n4
      status: "True"
      type: vlan.alloc.nephio.org/v1alpha1.VLANAllocation.n4
    - message: create resource
      reason: req.nephio.org/v1alpha1.Interface.n6
      status: "True"
      type: vlan.alloc.nephio.org/v1alpha1.VLANAllocation.n6
- apiVersion: req.nephio.org/v1alpha1
  kind: Interface
  metadata:
    name: n3
    annotations:
      config.kubernetes.io/local-config: "true"
  spec:
    networkInstance:
      name: vpc-ran
    cniType: sriov
    attachmentType: vlan
  status:
- apiVersion: req.nephio.org/v1alpha1
  kind: Interface
  metadata:
    name: n4
    annotations:
      config.kubernetes.io/local-config: "true"
  spec:
    networkInstance:
      name: vpc-internal
    cniType: sriov
    attachmentType: vlan
  status:
- apiVersion: req.nephio.org/v1alpha1
  kind: Interface
  metadata:
    name: n6
    annotations:
      config.kubernetes.io/local-config: "true"
  spec:
    networkInstance:
      name: vpc-internet
    cniType: sriov
    attachmentType: vlan
  status:
- apiVersion: vlan.alloc.nephio.org/v1alpha1
  kind: VLANAllocation
  metadata:
    annotations:
      specializer.nephio.org/owner: req.nephio.org/v1alpha1.Interface.n3
    name: n3
  spec:
    selector:
      matchLabels:
        nephio.org/site: edge1
  status:
    vlanID: 100
- apiVersion: vlan.alloc.nephio.org/v1alpha1
  kind: VLANAllocation
  metadata:
    annotations:
      specializer.nephio.org/owner: req.nephio.org/v1alpha1.Interface.n4
    name: n4
  spec:
    selector:
      matchLabels:
        nephio.org/site: edge1
  status:
    vlanID: 200
- apiVersion: vlan.alloc.nephio.org/v1alpha1
  kind: VLANAllocation
  metadata:
    annotations:
      specializer.nephio.org/owner: req.nephio.org/v1alpha1.Interface.n6
    name: n6
  spec:
    selector:
      matchLabels:
        nephio.org/site: edge1
  status:
    vlanID: 300
