apiVersion: vlan.alloc.nephio.org/v1alpha1
kind: VLANAllocation
metadata:
  annotations:
    specializer.nephio.org/owner: req.nephio.org/v1alpha1.Interface.n4
  name: n4
spec:
  selector:
    matchLabels:
      nephio.org/site: edge1
status:
  vlanID: 200
