apiVersion: req.nephio.org/v1alpha1
kind: Interface
metadata:
  name: sbi
  annotations:
    config.kubernetes.io/local-config: "true"
    specializer.nephio.org/owner: workload.nephio.org/v1alpha1.AMFDeployment.amf-edge02
    specializer.nephio.org/namespace: dummy
spec:
  networkInstance:
    name: default
status: {}
