apiVersion: config.kubernetes.io/v1
kind: ResourceList
items:
- apiVersion: infra.nephio.org/v1alpha1
  kind: Network
  metadata:
    name: vpc-internal
  spec:
    topology: nephio
    routingTables:
    - name: vpc-internal
      prefixes:
      - prefix: 172:1::/32
      - prefix: 172.1.0.0/16
      interfaces:
      - kind: bridgedomain
        bridgeDomainName: vpc-internal
    bridgeDomains:
    - name: vpc-internal
      interfaces:
      - kind: interface
        selector:
          matchExpressions:
          - {key: nephio.org/cluster-name, operator: Exists}
        attachmentType: vlan
- apiVersion: infra.nephio.org/v1alpha1
  kind: Network
  metadata:
    name: vpc-internet
  spec:
    topology: nephio
    routingTables:
    - name: vpc-internet
      prefixes:
      - prefix: 172::/32
      - prefix: 172.0.0.0/16
      - prefix: 1000::/32
        labels:
          nephio.org/prefix-kind: pool
      - prefix: 10.0.0.0/8
        labels:
          nephio.org/prefix-kind: pool
      interfaces:
      - kind: bridgedomain
        bridgeDomainName: vpc-internet
    bridgeDomains:
    - name: vpc-internet
      interfaces:
      - kind: interface
        selector:
          matchExpressions:
          - {key: nephio.org/cluster-name, operator: Exists}
        attachmentType: vlan
- apiVersion: infra.nephio.org/v1alpha1
  kind: Network
  metadata:
    name: vpc-ran
  spec:
    topology: nephio
    routingTables:
    - name: vpc-ran
      prefixes:
      - prefix: 172:2::/32
        labels:
          nephio.org/purpose: n2
      - prefix: 172.2.0.0/16
        labels:
          nephio.org/purpose: n2
      - prefix: 172:3::/32
        labels:
          nephio.org/purpose: n3
      - prefix: 172.3.0.0/16
        labels:
          nephio.org/purpose: n3
      interfaces:
      - kind: bridgedomain
        bridgeDomainName: vpc-ran
    bridgeDomains:
    - name: vpc-ran
      interfaces:
      - kind: interface
        selector:
          matchExpressions:
          - {key: nephio.org/cluster-name, operator: Exists}
        attachmentType: vlan
- apiVersion: infra.nephio.org/v1alpha1
  kind: WorkloadCluster
  metadata:
    name: cluster01
    annotations:
      config.kubernetes.io/local-config: "true"
  spec:
    clusterName: cluster01
    cnis:
    - macvlan
    - ipvlan
    - sriov
    masterInterface: eth1
- apiVersion: ipam.resource.nephio.org/v1alpha1
  kind: IPClaim
  metadata:
    name: n3-ipv4
    annotations:
      specializer.nephio.org/owner: req.nephio.org/v1alpha1.Interface.n3
  spec:
    kind: network
    selector:
      matchLabels:
        nephio.org/cluster-name: cluster01
    networkInstance:
      name: vpc-ran
  status:
    prefix: 172.2.0.254/24
    gateway: 172.2.0.1
- apiVersion: ipam.resource.nephio.org/v1alpha1
  kind: IPClaim
  metadata:
    name: n4-ipv4
    annotations:
      specializer.nephio.org/owner: req.nephio.org/v1alpha1.Interface.n4
  spec:
    kind: network
    selector:
      matchLabels:
        nephio.org/cluster-name: cluster01
    networkInstance:
      name: vpc-internal
  status:
    prefix: 172.1.0.254/24
    gateway: 172.1.0.1
- apiVersion: ipam.resource.nephio.org/v1alpha1
  kind: IPClaim
  metadata:
    name: n6-ipv4
    annotations:
      specializer.nephio.org/owner: req.nephio.org/v1alpha1.Interface.n6
  spec:
    kind: network
    selector:
      matchLabels:
        nephio.org/cluster-name: cluster01
    networkInstance:
      name: vpc-internet
  status:
    prefix: 172.0.0.254/24
    gateway: 172.0.0.1
- apiVersion: k8s.cni.cncf.io/v1
  kind: NetworkAttachmentDefinition
  metadata:
    name: upf-cluster01-n3
    namespace: dummy
    annotations:
      specializer.nephio.org/owner: req.nephio.org/v1alpha1.Interface.n3
  spec:
    config: '{"cniVersion":"0.3.1","plugins":[{"type":"ipvlan","capabilities":{"ips":true},"master":"eth1.100","mode":"l2","ipam":{"type":"static","addresses":[{"address":"172.2.0.254/24","gateway":"172.2.0.1"}],"routes":[{"dst":"172.2.0.0/16","gw":"172.2.0.1"},{"dst":"172.3.0.0/16","gw":"172.2.0.1"}]}}]}'
- apiVersion: k8s.cni.cncf.io/v1
  kind: NetworkAttachmentDefinition
  metadata:
    name: upf-cluster01-n4
    namespace: dummy
    annotations:
      specializer.nephio.org/owner: req.nephio.org/v1alpha1.Interface.n4
  spec:
    config: '{"cniVersion":"0.3.1","plugins":[{"type":"ipvlan","capabilities":{"ips":true},"master":"eth1.200","mode":"l2","ipam":{"type":"static","addresses":[{"address":"172.1.0.254/24","gateway":"172.1.0.1"}],"routes":[{"dst":"172.1.0.0/16","gw":"172.1.0.1"}]}}]}'
- apiVersion: k8s.cni.cncf.io/v1
  kind: NetworkAttachmentDefinition
  metadata:
    name: upf-cluster01-n6
    namespace: dummy
    annotations:
      specializer.nephio.org/owner: req.nephio.org/v1alpha1.Interface.n6
  spec:
    config: '{"cniVersion":"0.3.1","plugins":[{"type":"ipvlan","capabilities":{"ips":true},"master":"eth1.300","mode":"l2","ipam":{"type":"static","addresses":[{"address":"172.0.0.254/24","gateway":"172.0.0.1"}],"routes":[{"dst":"10.0.0.0/8","gw":"172.0.0.1"},{"dst":"172.0.0.0/16","gw":"172.0.0.1"}]}}]}'
- apiVersion: kpt.dev/v1
  kind: Kptfile
  # comment A
  metadata:
    name: pkg-upf
    #commentB
    annotations:
      config.kubernetes.io/local-config: "true"
  info:
    description: upf package example
  pipeline: {}
  status:
    conditions:
    - message: update for condition
      status: "False"
      type: req.nephio.org/v1alpha1.Interface.n4
    - message: create resource
      reason: req.nephio.org/v1alpha1.Interface.n4
      status: "True"
      type: ipam.resource.nephio.org/v1alpha1.IPClaim.n4-ipv4
    - message: create resource
      reason: req.nephio.org/v1alpha1.Interface.n4
      status: "True"
      type: vlan.resource.nephio.org/v1alpha1.VLANClaim.n4
    - message: update done
      reason: req.nephio.org/v1alpha1.Interface.n4
      status: "True"
      type: k8s.cni.cncf.io/v1.NetworkAttachmentDefinition.n4
    - message: update for condition
      status: "False"
      type: req.nephio.org/v1alpha1.Interface.n6
    - message: update done
      reason: req.nephio.org/v1alpha1.Interface.n6
      status: "True"
      type: k8s.cni.cncf.io/v1.NetworkAttachmentDefinition.n6
    - message: create resource
      reason: req.nephio.org/v1alpha1.Interface.n6
      status: "True"
      type: ipam.resource.nephio.org/v1alpha1.IPClaim.n6-ipv4
    - message: create resource
      reason: req.nephio.org/v1alpha1.Interface.n6
      status: "True"
      type: vlan.resource.nephio.org/v1alpha1.VLANClaim.n6
    - message: update for condition
      status: "False"
      type: req.nephio.org/v1alpha1.Interface.n3
    - message: update done
      reason: req.nephio.org/v1alpha1.Interface.n3
      status: "True"
      type: k8s.cni.cncf.io/v1.NetworkAttachmentDefinition.n3
    - message: create resource
      reason: req.nephio.org/v1alpha1.Interface.n3
      status: "True"
      type: ipam.resource.nephio.org/v1alpha1.IPClaim.n3-ipv4
    - message: create resource
      reason: req.nephio.org/v1alpha1.Interface.n3
      status: "True"
      type: vlan.resource.nephio.org/v1alpha1.VLANClaim.n3
- apiVersion: req.nephio.org/v1alpha1
  kind: Interface
  metadata:
    name: n3
    annotations:
      config.kubernetes.io/local-config: "true"
      specializer.nephio.org/owner: workload.nephio.org/v1alpha1.NFDeployment.upf-cluster01
      specializer.nephio.org/namespace: dummy
  spec:
    networkInstance:
      name: vpc-ran
    cniType: ipvlan
    attachmentType: vlan
  status:
- apiVersion: req.nephio.org/v1alpha1
  kind: Interface
  metadata:
    name: n4
    annotations:
      config.kubernetes.io/local-config: "true"
      specializer.nephio.org/owner: workload.nephio.org/v1alpha1.NFDeployment.upf-cluster01
      specializer.nephio.org/namespace: dummy
  spec:
    networkInstance:
      name: vpc-internal
    cniType: ipvlan
    attachmentType: vlan
  status:
- apiVersion: req.nephio.org/v1alpha1
  kind: Interface
  metadata:
    name: n6
    annotations:
      config.kubernetes.io/local-config: "true"
      specializer.nephio.org/owner: workload.nephio.org/v1alpha1.NFDeployment.upf-cluster01
      specializer.nephio.org/namespace: dummy
  spec:
    networkInstance:
      name: vpc-internet
    cniType: ipvlan
    attachmentType: vlan
  status:
- apiVersion: vlan.resource.nephio.org/v1alpha1
  kind: VLANClaim
  metadata:
    annotations:
      specializer.nephio.org/owner: req.nephio.org/v1alpha1.Interface.n3
    name: n3
  spec:
    vlanIndex:
      name: cluster01
  status:
    vlanID: 100
- apiVersion: vlan.resource.nephio.org/v1alpha1
  kind: VLANClaim
  metadata:
    annotations:
      specializer.nephio.org/owner: req.nephio.org/v1alpha1.Interface.n4
    name: n4
  spec:
    vlanIndex:
      name: cluster01
  status:
    vlanID: 200
- apiVersion: vlan.resource.nephio.org/v1alpha1
  kind: VLANClaim
  metadata:
    annotations:
      specializer.nephio.org/owner: req.nephio.org/v1alpha1.Interface.n6
    name: n6
  spec:
    vlanIndex:
      name: cluster01
  status:
    vlanID: 300
