apiVersion: apps/v1 # comment 
kind: Deployment # comment 
metadata: # comment 
  name: nginx-deployment # comment 
  labels: # comment 
    app: nginx # comment 
# comment 
spec: # comment
  # comment
  selector: # comment
    # comment
    # comment
    matchLabels: # comment
      # comment

      # comment

      # comment
      app: nginx # comment
      # comment
  template: # comment
    # comment
    metadata: # comment
      labels: # comment
        # comment
        app: nginx # comment
      creationTimestamp: null
    spec: # comment
      containers: # comment
      - name: nginx # comment
        image: nginx:1.14.2 # comment
        ports: # comment
        - containerPort: 80 # comment
        resources: {}
      # comment before updated field
      restartPolicy: OnFailure # comment next to updated field
      # comment after updated field
  strategy:
    type: RollingUpdate
# comment

status: {}