apiVersion: req.nephio.org/v1alpha1
kind: Interface
metadata:
  name: n3
  annotations:
    config.kubernetes.io/local-config: "true"
spec:
  networkInstance:
    name: vpc-ran
  cniType: sriov
  attachementType: vlan
status:
  ipAllocationStatus:
    prefix: 10.0.0.3/24
    gateway: 10.0.0.1
  vlanAllocationStatus:
    vlanID: 100