apiVersion: config.kubernetes.io/v1
kind: ResourceList
items:
- apiVersion: infra.nephio.org/v1alpha1
  kind: WorkloadCluster
  metadata:
    name: cluster01
    annotations:
      config.kubernetes.io/local-config: "true"
  spec:
    clusterName: cluster01
    cnis:
    - macvlan
    - ipvlan
    - sriov
    masterInterface: eth1
- apiVersion: kpt.dev/v1
  kind: Kptfile
  # comment A
  metadata:
    name: pkg-upf
    #commentB
    annotations:
      config.kubernetes.io/local-config: "true"
  info:
    description: upf package example
  pipeline: {}
  status:
    conditions:
    - message: update done
      status: "True"
      type: req.nephio.org/v1alpha1.Interface.n3
- apiVersion: req.nephio.org/v1alpha1
  kind: Interface
  metadata:
    name: n3
    annotations:
      config.kubernetes.io/local-config: "true"
  spec:
    networkInstance:
      name: default
  status: {}
