apiVersion: req.nephio.org/v1alpha1
kind: Dependency
metadata:
  name: upf
  annotations:
    specializer.nephio.org/owner: workload.nephio.org/v1alpha1.NFDeployment.xyz-cluster01
    specializer.nephio.org/namespace: free5gc-cp
spec:
  packageName: free5gc-upf
  injectors:
    - apiVersion: workload.nephio.org/v1alpha1
      kind: NFDeployment
status:
  injected:
    - name: xyz-regional-upf-edge02
      namespace: free5gc-cp
      apiVersion: ref.nephio.org/v1alpha1
      kind: Config