apiVersion: config.kubernetes.io/v1
kind: ResourceList
items:
- apiVersion: infra.nephio.org/v1alpha1
  kind: ClusterContext
  metadata:
    name: cluster-context
    annotations:
      config.kubernetes.io/local-config: "true"
  spec:
    cniConfig:
      cniType: sriov
      masterInterface: eth1
    siteCode: edge1
- apiVersion: infra.nephio.org/v1alpha1
  kind: WorkloadCluster
  metadata:
    name: cluster01
    annotations:
      config.kubernetes.io/local-config: "true"
  spec:
    clusterName: cluster01
    cnis:
    - macvlan
    - ipvlan
    - sriov
    masterInterface: eth1
- apiVersion: k8s.cni.cncf.io/v1
  kind: NetworkAttachmentDefinition
  metadata:
    name: upf-cluster01-n3
    namespace: dummy
    annotations:
      specializer.nephio.org/owner: req.nephio.org/v1alpha1.Interface.n3
  spec:
    config: ""
- apiVersion: k8s.cni.cncf.io/v1
  kind: NetworkAttachmentDefinition
  metadata:
    name: upf-cluster01-n4
    namespace: dummy
    annotations:
      specializer.nephio.org/owner: req.nephio.org/v1alpha1.Interface.n4
  spec:
    config: ""
- apiVersion: k8s.cni.cncf.io/v1
  kind: NetworkAttachmentDefinition
  metadata:
    name: upf-cluster01-n6
    namespace: dummy
    annotations:
      specializer.nephio.org/owner: req.nephio.org/v1alpha1.Interface.n6
  spec:
    config: ""
- apiVersion: kpt.dev/v1
  kind: Kptfile
  # comment A
  metadata:
    name: pkg-upf
    #commentB
    annotations:
      config.kubernetes.io/local-config: "true"
  info:
    description: upf package example
  pipeline: {}
  status:
    conditions:
    - message: update for condition
      status: "False"
      type: req.nephio.org/v1alpha1.Interface.n4
    - message: create resource
      reason: req.nephio.org/v1alpha1.Interface.n4
      status: "True"
      type: vlan.resource.nephio.org/v1alpha1.VLANClaim.n4
    - message: update done
      reason: req.nephio.org/v1alpha1.Interface.n4
      status: "True"
      type: k8s.cni.cncf.io/v1.NetworkAttachmentDefinition.n4
    - message: update for condition
      status: "False"
      type: req.nephio.org/v1alpha1.Interface.n6
    - message: update done
      reason: req.nephio.org/v1alpha1.Interface.n6
      status: "True"
      type: k8s.cni.cncf.io/v1.NetworkAttachmentDefinition.n6
    - message: create resource
      reason: req.nephio.org/v1alpha1.Interface.n6
      status: "True"
      type: vlan.resource.nephio.org/v1alpha1.VLANClaim.n6
    - message: update for condition
      status: "False"
      type: req.nephio.org/v1alpha1.Interface.n3
    - message: update done
      reason: req.nephio.org/v1alpha1.Interface.n3
      status: "True"
      type: k8s.cni.cncf.io/v1.NetworkAttachmentDefinition.n3
    - message: create resource
      reason: req.nephio.org/v1alpha1.Interface.n3
      status: "True"
      type: vlan.resource.nephio.org/v1alpha1.VLANClaim.n3
- apiVersion: req.nephio.org/v1alpha1
  kind: Interface
  metadata:
    name: n3
    annotations:
      config.kubernetes.io/local-config: "true"
      specializer.nephio.org/owner: workload.nephio.org/v1alpha1.NFDeployment.upf-cluster01
      specializer.nephio.org/namespace: dummy
  spec:
    networkInstance:
      name: vpc-ran
    cniType: sriov
    attachmentType: vlan
  status:
- apiVersion: req.nephio.org/v1alpha1
  kind: Interface
  metadata:
    name: n4
    annotations:
      config.kubernetes.io/local-config: "true"
      specializer.nephio.org/owner: workload.nephio.org/v1alpha1.NFDeployment.upf-cluster01
      specializer.nephio.org/namespace: dummy
  spec:
    networkInstance:
      name: vpc-internal
    cniType: sriov
    attachmentType: vlan
  status:
- apiVersion: req.nephio.org/v1alpha1
  kind: Interface
  metadata:
    name: n6
    annotations:
      config.kubernetes.io/local-config: "true"
      specializer.nephio.org/owner: workload.nephio.org/v1alpha1.NFDeployment.upf-cluster01
      specializer.nephio.org/namespace: dummy
  spec:
    networkInstance:
      name: vpc-internet
    cniType: sriov
    attachmentType: vlan
  status:
- apiVersion: vlan.resource.nephio.org/v1alpha1
  kind: VLANClaim
  metadata:
    annotations:
      specializer.nephio.org/owner: req.nephio.org/v1alpha1.Interface.n3
    name: n3
  spec:
    vlanIndex:
      name: cluster01
  status:
    vlanID: 100
- apiVersion: vlan.resource.nephio.org/v1alpha1
  kind: VLANClaim
  metadata:
    annotations:
      specializer.nephio.org/owner: req.nephio.org/v1alpha1.Interface.n4
    name: n4
  spec:
    vlanIndex:
      name: cluster01
  status:
    vlanID: 200
- apiVersion: vlan.resource.nephio.org/v1alpha1
  kind: VLANClaim
  metadata:
    annotations:
      specializer.nephio.org/owner: req.nephio.org/v1alpha1.Interface.n6
    name: n6
  spec:
    vlanIndex:
      name: cluster01
  status:
    vlanID: 300
