apiVersion: config.kubernetes.io/v1
kind: ResourceList
items:
- apiVersion: kpt.dev/v1
  kind: Kptfile
  # comment A
  metadata:
    name: pkg-upf
    #commentB
    annotations:
      config.kubernetes.io/local-config: "true"
  info:
    description: upf package example
  pipeline: {}
  status:
    conditions:
    - message: update done
      status: "True"
      type: vlan.resource.nephio.org/v1alpha1.VLANClaim.n3
- apiVersion: vlan.resource.nephio.org/v1alpha1
  kind: VLANClaim
  metadata:
    name: n3
    annotations:
      specializer.nephio.org/owner: req.nephio.org/v1alpha1.Interface.n3
  spec:
    vlanIndex:
      name: cluster03
  status:
    vlanID: 10
